
> sway-tips@0.0.0 build
> vite build && node scripts/copy-public-share-assets.mjs && esbuild server.ts --bundle --platform=node --format=cjs --packages=external --sourcemap --outfile=dist/server.cjs

[36mvite v6.4.3 [32mbuilding for production...[36m[39m
transforming...
[32m✓[39m 2206 modules transformed.
rendering chunks...
computing gzip size...
[2mdist/[22m[32mshells/overlay.html                    [39m[1m[2m  1.46 kB[22m[1m[22m[2m │ gzip:   0.62 kB[22m
[2mdist/[22m[32mshells/admin.html                      [39m[1m[2m  1.53 kB[22m[1m[22m[2m │ gzip:   0.63 kB[22m
[2mdist/[22m[32mshells/dev-sandbox.html                [39m[1m[2m  1.62 kB[22m[1m[22m[2m │ gzip:   0.65 kB[22m
[2mdist/[22m[32mshells/talent.html                     [39m[1m[2m  2.17 kB[22m[1m[22m[2m │ gzip:   0.79 kB[22m
[2mdist/[22m[32mshells/patron.html                     [39m[1m[2m  2.32 kB[22m[1m[22m[2m │ gzip:   0.82 kB[22m
[2mdist/[22m[32mindex.html                             [39m[1m[2m  2.80 kB[22m[1m[22m[2m │ gzip:   0.92 kB[22m
[2mdist/[22m[32mshells/public.html                     [39m[1m[2m 26.90 kB[22m[1m[22m[2m │ gzip:   6.08 kB[22m
[2mdist/[22m[35massets/talent-DvYEwq54.css             [39m[1m[2m 13.05 kB[22m[1m[22m[2m │ gzip:   2.94 kB[22m
[2mdist/[22m[35massets/index-CUlh4TO5.css              [39m[1m[2m132.65 kB[22m[1m[22m[2m │ gzip:  19.01 kB[22m
[2mdist/[22m[36massets/search-Dn-RDZeE.js              [39m[1m[2m  0.35 kB[22m[1m[22m[2m │ gzip:   0.28 kB[22m
[2mdist/[22m[36massets/flag-XZh7WZeX.js                [39m[1m[2m  0.42 kB[22m[1m[22m[2m │ gzip:   0.31 kB[22m
[2mdist/[22m[36massets/dev-sandbox-B9xgD39S.js         [39m[1m[2m  0.45 kB[22m[1m[22m[2m │ gzip:   0.32 kB[22m
[2mdist/[22m[36massets/index-CtFILBTr.js               [39m[1m[2m  0.62 kB[22m[1m[22m[2m │ gzip:   0.36 kB[22m
[2mdist/[22m[36massets/shield-alert-Ch9Ooa3-.js        [39m[1m[2m  0.80 kB[22m[1m[22m[2m │ gzip:   0.41 kB[22m
[2mdist/[22m[36massets/index-Bp9-uiLq.js               [39m[1m[2m  4.28 kB[22m[1m[22m[2m │ gzip:   2.05 kB[22m
[2mdist/[22m[36massets/TalentAuthStatus-B8kH0Oel.js    [39m[1m[2m  5.81 kB[22m[1m[22m[2m │ gzip:   1.56 kB[22m
[2mdist/[22m[36massets/frictionClient-DBgnkxW-.js      [39m[1m[2m  6.06 kB[22m[1m[22m[2m │ gzip:   1.98 kB[22m
[2mdist/[22m[36massets/phase1-scaffold-KQE43XNa.js     [39m[1m[2m 10.72 kB[22m[1m[22m[2m │ gzip:   3.38 kB[22m
[2mdist/[22m[36massets/mount-BayZSvQG.js               [39m[1m[2m 10.83 kB[22m[1m[22m[2m │ gzip:   3.41 kB[22m
[2mdist/[22m[36massets/index-ClQjP17N.js               [39m[1m[2m 16.69 kB[22m[1m[22m[2m │ gzip:   6.28 kB[22m
[2mdist/[22m[36massets/App-mY4mSHta.js                 [39m[1m[2m 19.89 kB[22m[1m[22m[2m │ gzip:   4.17 kB[22m
[2mdist/[22m[36massets/overlay-_xUrjvcn.js             [39m[1m[2m 22.15 kB[22m[1m[22m[2m │ gzip:   4.21 kB[22m
[2mdist/[22m[36massets/admin-qACpTdtf.js               [39m[1m[2m121.07 kB[22m[1m[22m[2m │ gzip:  16.74 kB[22m
[2mdist/[22m[36massets/live-room-language-Yv13oDpJ.js  [39m[1m[2m134.06 kB[22m[1m[22m[2m │ gzip:  44.80 kB[22m
[2mdist/[22m[36massets/PatronView-D5WS2kVq.js          [39m[1m[2m153.61 kB[22m[1m[22m[2m │ gzip:  31.15 kB[22m
[2mdist/[22m[36massets/CollaboratorInbox-CIRgZVYT.js   [39m[1m[2m185.70 kB[22m[1m[22m[2m │ gzip:  56.91 kB[22m
[2mdist/[22m[36massets/patron-C9vaYNmt.js              [39m[1m[2m311.83 kB[22m[1m[22m[2m │ gzip:  49.71 kB[22m
[2mdist/[22m[36massets/index-D2LRX0Sc.js               [39m[1m[2m398.86 kB[22m[1m[22m[2m │ gzip: 119.41 kB[22m
[2mdist/[22m[36massets/talent-DDClyjyY.js              [39m[1m[33m741.67 kB[39m[22m[2m │ gzip: 128.51 kB[22m
[33m
(!) Some chunks are larger than 500 kB after minification. Consider:
- Using dynamic import() to code-split the application
- Use build.rollupOptions.output.manualChunks to improve chunking: https://rollupjs.org/configuration-options/#output-manualchunks
- Adjust chunk size limit for this warning via build.chunkSizeWarningLimit.[39m
[32m✓ built in 7.66s[39m

  dist\server.cjs      1.8mb
  dist\server.cjs.map  3.0mb

Done in 115ms
